HI-TECH Software C Compiler 

Linker command line:

--edf=C:\Program Files (x86)\HI-TECH Software\PICC\9.83\dat\en_msgs.txt -cs \
  -h+proj.sym -z -Q16F877A -ol.obj -Mproj.map -E1 -ACONST=00h-0FFhx32 \
  -ACODE=00h-07FFhx4 -ASTRCODE=00h-01FFFh -AENTRY=00h-0FFhx32 \
  -ASTRING=00h-0FFhx32 -ABANK0=020h-06Fh -ABANK1=0A0h-0EFh \
  -ABANK2=0110h-016Fh -ABANK3=0190h-01EFh \
  -ARAM=020h-06Fh,0A0h-0EFh,0110h-016Fh,0190h-01EFh \
  -AABS1=020h-07Fh,0A0h-0EFh,0110h-016Fh,0190h-01EFh -ACOMMON=070h-07Fh \
  -ASFR0=00h-01Fh -ASFR1=080h-09Fh -ASFR2=0100h-010Fh -ASFR3=0180h-018Fh \
  -preset_vec=00h,intentry=04h,init,end_init -ppowerup=CODE -pfunctab=CODE \
  -ACONFIG=02007h-02007h -pconfig=CONFIG -DCONFIG=2 -AIDLOC=02000h-02003h \
  -pidloc=IDLOC -DIDLOC=2 -AEEDATA=00h-0FFh/02100h -peeprom_data=EEDATA \
  -DEEDATA=2 -DCODE=2 -DSTRCODE=2 -DSTRING=2 -DCONST=2 -DENTRY=2 -k \
  startup.obj proj.obj 

Object code version is 3.10

Machine type is 16F877A



                Name                               Link     Load   Length Selector   Space Scale
startup.obj     end_init                             12       12        3        8       0
                reset_vec                             0        0        3        0       0
proj.obj        intentry                              4        4        E        8       0
                config                             2007     2007        1     400E       0
                text4286                           1FEA     1FEA       16     3FD4       0
                text4285                           1000     1000       19     1D08       0
                text4284                           1FD6     1FD6       14     3FAC       0
                text4283                           10D0     10D0       24     21A0       0
                text4282                           106D     106D       21     20DA       0
                text4281                            7D8      7D8       28      DBA       0
                text4280                           1F98     1F98        7     3F30       0
                text4279                           1019     1019       19     2032       0
                text4278                           1FB3     1FB3       10     3F66       0
                text4277                           1FA6     1FA6        D     3F4C       0
                text4276                           108E     108E       21     211C       0
                text4275                           1F9F     1F9F        7     3F3E       0
                text4274                            802      802       19     1004       0
                text4273                            A27      A27       AF     144E       0
                text4272                           13B6     13B6       4C     276C       0
                text4271                           1598     1598       5E     2B30       0
                text4270                           1790     1790       70     2F20       0
                text4269                           11FC     11FC       35     23F8       0
                text4268                           153F     153F       59     2A7E       0
                text4267                           104E     104E       1F     209C       0
                text4266                           1231     1231       37     2462       0
                text4265                           113E     113E       27     227C       0
                text4264                           10F4     10F4       24     21E8       0
                text4263                           144E     144E       4E     289C       0
                text4262                            22F      22F      1FB        8       0
                text4261                           1118     1118       26     2230       0
                text4260                           1194     1194       34     2328       0
                text4259                           1032     1032       1C     2064       0
                text4258                           16B8     16B8       6B     2D70       0
                text4257                            88F      88F       81     111E       0
                text4256                            910      910       81     1220       0
                text4255                            BB4      BB4      159     1768       0
                text4254                           1165     1165       2F     22CA       0
                text4253                           1723     1723       6D     2E46       0
                text4252                           1268     1268       3E     24D0       0
                text4251                           15F6     15F6       5F     2BEC       0
                text4250                           11C8     11C8       34     2390       0
                text4249                           136B     136B       4B     26D6       0
                text4248                           1402     1402       4C     2804       0
                text4247                            81B      81B       74     1036       0
                text4246                           12A6     12A6       3E     254C       0
                text4245                           12E4     12E4       3E     25C8       0
                text4244                           1655     1655       63     2CAA       0
                text4243                           14EC     14EC       53     29D8       0
                text4242                            991      991       96     1322       0
                text4241                           149C     149C       50     2938       0
                text4240                            42A      42A       CB        8       0
                text4239                            AD6      AD6       DE     15AC       0
                text4238                            D0D      D0D      177     1A1A       0
                text4237                            E84      E84      17C     1D08       0
                text4236                             15       15      21A        8       0
                maintext                            6DD      6DD       FB      DBA       0
                cstackBANK0                          20       20       50       20       1
                cstackCOMMON                         70       70        6       70       1
                cstackBANK1                          D7       D7       15       A0       1
                cstackBANK3                         1C4      1C4       14      190       1
                inittext                           1FC3     1FC3       13     3F86       0
                clrtext                             4F5      4F5        8        8       0
                bssBANK2                            110      110       60      110       1
                dataBANK3                           1D8      1D8        5      190       1
                bssBANK3                            190      190       34      190       1
                dataBANK1                            A0       A0       21       A0       1
                bssBANK1                             C1       C1       16       A0       1
                dataCOMMON                           7A       7A        2       70       1
                bssCOMMON                            76       76        4       70       1
                cinit                              1322     1322       49     2644       0
                stringtext                          500      500      1DD        A       0
                strings                            1800     1800       12     3000       0
                idataBANK1                         10AF     10AF       21     215E       0
                idataCOMMON                         4FD      4FD        2        8       0
                idataBANK3                         1F93     1F93        5     3F26       0

TOTAL           Name                               Link     Load   Length     Space
        CLASS   CONST          

        CLASS   CODE           
                end_init                             12       12        3         0
                intentry                              4        4        E         0
                reset_vec                             0        0        3         0
                text4286                           1FEA     1FEA       16         0
                text4285                           1000     1000       19         0
                text4284                           1FD6     1FD6       14         0
                text4283                           10D0     10D0       24         0
                text4282                           106D     106D       21         0
                text4281                            7D8      7D8       28         0
                text4280                           1F98     1F98        7         0
                text4279                           1019     1019       19         0
                text4278                           1FB3     1FB3       10         0
                text4277                           1FA6     1FA6        D         0
                text4276                           108E     108E       21         0
                text4275                           1F9F     1F9F        7         0
                text4274                            802      802       19         0
                text4273                            A27      A27       AF         0
                text4272                           13B6     13B6       4C         0
                text4271                           1598     1598       5E         0
                text4270                           1790     1790       70         0
                text4269                           11FC     11FC       35         0
                text4268                           153F     153F       59         0
                text4267                           104E     104E       1F         0
                text4266                           1231     1231       37         0
                text4265                           113E     113E       27         0
                text4264                           10F4     10F4       24         0
                text4263                           144E     144E       4E         0
                text4262                            22F      22F      1FB         0
                text4261                           1118     1118       26         0
                text4260                           1194     1194       34         0
                text4259                           1032     1032       1C         0
                text4258                           16B8     16B8       6B         0
                text4257                            88F      88F       81         0
                text4256                            910      910       81         0
                text4255                            BB4      BB4      159         0
                text4254                           1165     1165       2F         0
                text4253                           1723     1723       6D         0
                text4252                           1268     1268       3E         0
                text4251                           15F6     15F6       5F         0
                text4250                           11C8     11C8       34         0
                text4249                           136B     136B       4B         0
                text4248                           1402     1402       4C         0
                text4247                            81B      81B       74         0
                text4246                           12A6     12A6       3E         0
                text4245                           12E4     12E4       3E         0
                text4244                           1655     1655       63         0
                text4243                           14EC     14EC       53         0
                text4242                            991      991       96         0
                text4241                           149C     149C       50         0
                text4240                            42A      42A       CB         0
                text4239                            AD6      AD6       DE         0
                text4238                            D0D      D0D      177         0
                text4237                            E84      E84      17C         0
                text4236                             15       15      21A         0
                maintext                            6DD      6DD       FB         0
                inittext                           1FC3     1FC3       13         0
                clrtext                             4F5      4F5        8         0
                cinit                              1322     1322       49         0
                idataBANK1                         10AF     10AF       21         0
                idataCOMMON                         4FD      4FD        2         0
                idataBANK3                         1F93     1F93        5         0

        CLASS   STRCODE        
                stringtext                          500      500      1DD         0

        CLASS   ENTRY          

        CLASS   STRING         
                strings                            1800     1800       12         0

        CLASS   BANK0          
                cstackBANK0                          20       20       50         1

        CLASS   BANK1          
                cstackBANK1                          D7       D7       15         1
                dataBANK1                            A0       A0       21         1
                bssBANK1                             C1       C1       16         1

        CLASS   BANK2          
                bssBANK2                            110      110       60         1

        CLASS   BANK3          
                cstackBANK3                         1C4      1C4       14         1
                dataBANK3                           1D8      1D8        5         1
                bssBANK3                            190      190       34         1

        CLASS   RAM            

        CLASS   ABS1           
                abs_s1                               7E       7E        2         1

        CLASS   COMMON         
                cstackCOMMON                         70       70        6         1
                dataCOMMON                           7A       7A        2         1
                bssCOMMON                            76       76        4         1

        CLASS   SFR0           

        CLASS   SFR1           

        CLASS   SFR2           

        CLASS   SFR3           

        CLASS   CONFIG         
                config                             2007     2007        1         0

        CLASS   IDLOC          

        CLASS   EEDATA         



SEGMENTS        Name                           Load    Length   Top    Selector   Space  Class     Delta

                reset_vec                      000000  000003  000003         0       0  CODE        2
                intentry                       000004  0004FB  0004FF         8       0  CODE        2
                cstackBANK0                    000020  000050  000070        20       1  BANK0       1
                cstackCOMMON                   000070  00000C  00007C        70       1  COMMON      1
                dataBANK1                      0000A0  00004C  0000EC        A0       1  BANK1       1
                bssBANK2                       000110  000060  000170       110       1  BANK2       1
                bssBANK3                       000190  00004D  0001DD       190       1  BANK3       1
                stringtext                     000500  0001DD  0006DD         A       0  STRCODE     2
                maintext                       0006DD  000123  000800       DBA       0  CODE        2
                text4274                       000802  000019  00081B      1004       0  CODE        2
                text4247                       00081B  000074  00088F      1036       0  CODE        2
                text4257                       00088F  000081  000910      111E       0  CODE        2
                text4256                       000910  000081  000991      1220       0  CODE        2
                text4242                       000991  000096  000A27      1322       0  CODE        2
                text4273                       000A27  0000AF  000AD6      144E       0  CODE        2
                text4239                       000AD6  0000DE  000BB4      15AC       0  CODE        2
                text4255                       000BB4  000159  000D0D      1768       0  CODE        2
                text4238                       000D0D  000177  000E84      1A1A       0  CODE        2
                text4237                       000E84  000195  001019      1D08       0  CODE        2
                text4279                       001019  000019  001032      2032       0  CODE        2
                text4259                       001032  00001C  00104E      2064       0  CODE        2
                text4267                       00104E  00001F  00106D      209C       0  CODE        2
                text4282                       00106D  000021  00108E      20DA       0  CODE        2
                text4276                       00108E  000021  0010AF      211C       0  CODE        2
                idataBANK1                     0010AF  000021  0010D0      215E       0  CODE        2
                text4283                       0010D0  000024  0010F4      21A0       0  CODE        2
                text4264                       0010F4  000024  001118      21E8       0  CODE        2
                text4261                       001118  000026  00113E      2230       0  CODE        2
                text4265                       00113E  000027  001165      227C       0  CODE        2
                text4254                       001165  00002F  001194      22CA       0  CODE        2
                text4260                       001194  000034  0011C8      2328       0  CODE        2
                text4250                       0011C8  000034  0011FC      2390       0  CODE        2
                text4269                       0011FC  000035  001231      23F8       0  CODE        2
                text4266                       001231  000037  001268      2462       0  CODE        2
                text4252                       001268  00003E  0012A6      24D0       0  CODE        2
                text4246                       0012A6  00003E  0012E4      254C       0  CODE        2
                text4245                       0012E4  00003E  001322      25C8       0  CODE        2
                cinit                          001322  000049  00136B      2644       0  CODE        2
                text4249                       00136B  00004B  0013B6      26D6       0  CODE        2
                text4272                       0013B6  00004C  001402      276C       0  CODE        2
                text4248                       001402  00004C  00144E      2804       0  CODE        2
                text4263                       00144E  00004E  00149C      289C       0  CODE        2
                text4241                       00149C  000050  0014EC      2938       0  CODE        2
                text4243                       0014EC  000053  00153F      29D8       0  CODE        2
                text4268                       00153F  000059  001598      2A7E       0  CODE        2
                text4271                       001598  00005E  0015F6      2B30       0  CODE        2
                text4251                       0015F6  00005F  001655      2BEC       0  CODE        2
                text4244                       001655  000063  0016B8      2CAA       0  CODE        2
                text4258                       0016B8  00006B  001723      2D70       0  CODE        2
                text4253                       001723  00006D  001790      2E46       0  CODE        2
                text4270                       001790  000070  001800      2F20       0  CODE        2
                strings                        001800  000012  001812      3000       0  STRING      2
                idataBANK3                     001F93  000005  001F98      3F26       0  CODE        2
                text4280                       001F98  000007  001F9F      3F30       0  CODE        2
                text4275                       001F9F  000007  001FA6      3F3E       0  CODE        2
                text4277                       001FA6  00000D  001FB3      3F4C       0  CODE        2
                text4278                       001FB3  000010  001FC3      3F66       0  CODE        2
                inittext                       001FC3  000013  001FD6      3F86       0  CODE        2
                text4284                       001FD6  000014  001FEA      3FAC       0  CODE        2
                text4286                       001FEA  000016  002000      3FD4       0  CODE        2
                config                         002007  000001  002008      400E       0  CONFIG      2


UNUSED ADDRESS RANGES

        Name                Unused          Largest block    Delta
        BANK1            00EC-00EF              4           1
        BANK3            01DD-01EF             13           1
        CODE             0003-0003              1           2
                         04FF-04FF              1
                         0800-0801              2
                         1812-1F92            781
        COMMON           007C-007D              2           1
        CONST            0003-0003              1           2
                         04FF-04FF              1
                         0800-0801              2
                         1812-1F92            100
        EEDATA           2100-21FF            100           2
        ENTRY            0003-0003              1           2
                         04FF-04FF              1
                         0800-0801              2
                         1812-1F92            100
        IDLOC            2000-2003              4           2
        RAM              00EC-00EF              4           1
                         01DD-01EF             13
        SFR0             0000-001F             20           1
        SFR1             0080-009F             20           1
        SFR2             0100-010F             10           1
        SFR3             0180-018F             10           1
        STRCODE          0003-0003              1           2
                         04FF-04FF              1
                         0800-0801              2
                         1812-1F92            781
        STRING           0003-0003              1           2
                         04FF-04FF              1
                         0800-0801              2
                         1812-1F92            100

                                  Symbol Table

??_AddNewUser                                  cstackBANK0  0063
??_AddNewUserAfterAdminConfirm                 cstackBANK1  00D7
??_AddUserA                                    cstackBANK0  0059
??_AddUserB                                    cstackBANK0  0059
??_AddUserC                                    cstackBANK0  0059
??_AlterAdminUser                              cstackBANK0  006D
??_ClearUartBuffer                             cstackBANK0  0020
??_ControlAccess                               cstackBANK1  00D7
??_DecToStr                                    cstackBANK0  003B
??_Delay                                       cstackBANK0  002F
??_DeleteUser                                  cstackBANK0  0059
??_DeleteUserAfterAdminConfirm                 cstackBANK1  00D7
??_EraseAllUsers                               cstackBANK0  0059
??_EraseAllUsersAfterAdminConfirm              cstackBANK0  006D
??_FillUpResponse                              cstackBANK0  0038
??_GenCharacterFileFromImage                   cstackBANK0  0059
??_GetKey                                      cstackBANK0  0020
??_GetUartByte                                 cstackBANK0  0020
??_HiSpeedScan                                 cstackBANK0  005B
??_HiSpeedScan0                                cstackBANK0  006B
??_IsKeyPending                                cstackBANK0  0020
??_IsUartBytePending                           cstackBANK0  0020
??_KeyScan                                     cstackBANK0  0024
??_LcdClear                                    cstackBANK0  0028
??_LcdDelay                                    cstackBANK0  0022
??_LcdInit                                     cstackBANK0  0028
??_LcdPrint                                    cstackBANK0  002F
??_PutKey                                      cstackBANK0  0022
??_PutUartByte                                 cstackCOMMON 0070
??_ScanForImage                                cstackBANK0  0059
??_SendByte                                    cstackBANK0  0023
??_SendUartByte                                cstackBANK0  0020
??_SendUartValue                               cstackBANK0  0026
??_ToggleEndianFormat                          cstackBANK0  0025
??_TotDigits                                   cstackBANK0  0032
??_UartInit                                    cstackBANK0  0020
??_UploadLcdBuffer                             cstackBANK0  0025
??_VerifyPswd                                  cstackBANK0  0059
??___lldiv                                     cstackBANK0  0028
??___llmod                                     cstackBANK0  0028
??___lmul                                      cstackBANK0  0028
??_ee_eraseNPos                                cstackBANK0  0025
??_ee_read                                     cstackBANK0  0020
??_ee_write                                    cstackBANK0  0024
??_getNextAvailLocation                        cstackBANK0  0023
??_isr                                         cstackCOMMON 0072
??_main                                        cstackBANK0  006E
??_memset1                                     cstackBANK0  0025
??_menu                                        cstackBANK0  0035
??_releaseEElocation                           cstackBANK0  0025
??_reserveEElocation                           cstackBANK0  0025
??_sendPackage                                 cstackBANK0  002E
?_AddNewUser                                   cstackCOMMON 0070
?_AddNewUserAfterAdminConfirm                  cstackCOMMON 0070
?_AddUserA                                     cstackCOMMON 0070
?_AddUserB                                     cstackCOMMON 0070
?_AddUserC                                     cstackCOMMON 0070
?_AlterAdminUser                               cstackCOMMON 0070
?_ClearUartBuffer                              cstackCOMMON 0070
?_ControlAccess                                cstackCOMMON 0070
?_DecToStr                                     cstackBANK0  0034
?_Delay                                        cstackBANK0  002D
?_DeleteUser                                   cstackCOMMON 0070
?_DeleteUserAfterAdminConfirm                  cstackCOMMON 0070
?_EraseAllUsers                                cstackCOMMON 0070
?_EraseAllUsersAfterAdminConfirm               cstackCOMMON 0070
?_FillUpResponse                               cstackBANK0  0037
?_GenCharacterFileFromImage                    cstackCOMMON 0070
?_GetKey                                       cstackCOMMON 0070
?_GetUartByte                                  cstackCOMMON 0070
?_HiSpeedScan                                  cstackBANK0  0059
?_HiSpeedScan0                                 cstackBANK0  0069
?_IsKeyPending                                 cstackCOMMON 0070
?_IsUartBytePending                            cstackCOMMON 0070
?_KeyScan                                      cstackCOMMON 0070
?_LcdClear                                     cstackCOMMON 0070
?_LcdDelay                                     cstackBANK0  0020
?_LcdInit                                      cstackCOMMON 0070
?_LcdPrint                                     cstackBANK0  002B
?_PutKey                                       cstackCOMMON 0070
?_PutUartByte                                  cstackCOMMON 0070
?_ScanForImage                                 cstackCOMMON 0070
?_SendByte                                     cstackBANK0  0022
?_SendUartByte                                 cstackCOMMON 0070
?_SendUartValue                                cstackBANK0  0021
?_ToggleEndianFormat                           cstackBANK0  0020
?_TotDigits                                    cstackBANK0  002E
?_UartInit                                     cstackCOMMON 0070
?_UploadLcdBuffer                              cstackCOMMON 0070
?_VerifyPswd                                   cstackCOMMON 0070
?___lldiv                                      cstackBANK0  0020
?___llmod                                      cstackBANK0  0020
?___lmul                                       cstackBANK0  0020
?_ee_eraseNPos                                 cstackCOMMON 0070
?_ee_read                                      cstackCOMMON 0070
?_ee_write                                     cstackBANK0  0023
?_getNextAvailLocation                         cstackCOMMON 0070
?_isr                                          cstackCOMMON 0070
?_main                                         cstackCOMMON 0070
?_memset1                                      cstackBANK0  0020
?_menu                                         cstackBANK0  0033
?_releaseEElocation                            cstackCOMMON 0070
?_reserveEElocation                            cstackCOMMON 0070
?_sendPackage                                  cstackBANK0  002B
AddNewUser@position                            cstackBANK0  0064
AddNewUser@scanResult                          cstackBANK0  0065
AddNewUserAfterAdminConfirm@AddNewUserResult   cstackBANK1  00EA
AddNewUserAfterAdminConfirm@UserNo             cstackBANK1  00EB
AddNewUserAfterAdminConfirm@_availSpaceResult  cstackBANK1  00E8
AddNewUserAfterAdminConfirm@availSpaceResult   cstackBANK1  00E9
AddNewUserAfterAdminConfirm@buff               cstackBANK1  00DC
AddNewUserAfterAdminConfirm@isAddNewUser       cstackBANK1  00E6
AddNewUserAfterAdminConfirm@result             cstackBANK1  00E7
AddUserA@F1335                                 dataBANK1    00B6
AddUserA@F1338                                 dataBANK1    00B7
AddUserA@confirmationCode                      cstackBANK0  005E
AddUserA@contentData                           cstackBANK0  005D
AddUserA@dataOut                               cstackBANK0  005C
AddUserB@F1340                                 dataBANK1    00B8
AddUserB@F1343                                 dataBANK1    00B9
AddUserB@confirmationCode                      cstackBANK0  005E
AddUserB@contentData                           cstackBANK0  005D
AddUserB@dataOut                               cstackBANK0  005C
AddUserC@F1346                                 dataBANK1    00BA
AddUserC@F1349                                 dataBANK1    00A5
AddUserC@confirmationCode                      cstackBANK0  0062
AddUserC@contentData                           cstackBANK0  005C
AddUserC@dataOut                               cstackBANK0  0061
AddUserC@position                              cstackBANK0  0060
AlterAdminUser@Create0thPositionUser           cstackBANK1  00D7
AlterAdminUser@NewUserResult                   cstackBANK1  00D9
AlterAdminUser@UserNo                          cstackBANK1  00DA
AlterAdminUser@result                          cstackBANK1  00D8
ClearUartBuffer@i                              cstackBANK0  0021
ControlAccess@UserNo                           cstackBANK1  00E7
ControlAccess@buff                             cstackBANK1  00DC
ControlAccess@result                           cstackBANK1  00E6
DecToStr@dest                                  cstackBANK0  0038
DecToStr@len                                   cstackBANK0  003E
DecToStr@minDigit                              cstackBANK0  003A
DecToStr@val                                   cstackBANK0  0034
Delay@d                                        cstackBANK0  002D
Delay@dd                                       cstackBANK0  0033
DeleteUser@F1289                               dataBANK1    00A9
DeleteUser@F1292                               dataCOMMON   007A
DeleteUser@UserNo                              cstackBANK0  0060
DeleteUser@confirmationCode                    cstackBANK0  0062
DeleteUser@contentData                         cstackBANK0  005C
DeleteUser@dataOut                             cstackBANK0  0061
DeleteUserAfterAdminConfirm@DelUserNo          cstackBANK3  01D7
DeleteUserAfterAdminConfirm@UserNo             cstackBANK3  01D5
DeleteUserAfterAdminConfirm@buff               cstackBANK3  01CF
DeleteUserAfterAdminConfirm@buff_2234          cstackBANK3  01C4
DeleteUserAfterAdminConfirm@isDeleteUser       cstackBANK3  01CE
DeleteUserAfterAdminConfirm@key                cstackBANK3  01D6
DeleteUserAfterAdminConfirm@result             cstackBANK3  01D4
EraseAllUsers@F1327                            bssBANK1     00D0
EraseAllUsers@F1330                            dataBANK1    00BB
EraseAllUsers@confirmationCode                 cstackBANK0  005E
EraseAllUsers@contentData                      cstackBANK0  005C
EraseAllUsers@dataOut                          cstackBANK0  005D
EraseAllUsersAfterAdminConfirm@UserNo          cstackBANK1  00D9
EraseAllUsersAfterAdminConfirm@isEraseAllUsers cstackBANK1  00D7
EraseAllUsersAfterAdminConfirm@result          cstackBANK1  00D8
FillUpResponse@_Response                       cstackBANK0  004D
FillUpResponse@c                               cstackBANK0  004C
FillUpResponse@checkSumCalculated              cstackBANK0  0046
FillUpResponse@chkLength                       cstackBANK0  004A
FillUpResponse@chkSumDigitCount                cstackBANK0  0041
FillUpResponse@confirmationCode                cstackBANK0  0037
FillUpResponse@data                            cstackBANK0  0040
FillUpResponse@i                               cstackBANK0  004B
FillUpResponse@l                               cstackBANK0  0048
FillUpResponse@respPtr                         cstackBANK0  0049
FillUpResponse@wait                            cstackBANK0  0042
GenCharacterFileFromImage@F1303                dataBANK1    00BC
GenCharacterFileFromImage@F1305                dataBANK1    00BD
GenCharacterFileFromImage@confirmationCode     cstackBANK0  005E
GenCharacterFileFromImage@contentData          cstackBANK0  005C
GenCharacterFileFromImage@dataOut              cstackBANK0  005D
GetKey@key                                     cstackBANK0  0021
GetUartByte@val                                cstackBANK0  0021
HiSpeedScan0@UserNo                            cstackBANK0  0069
HiSpeedScan0@scanResult                        cstackBANK0  006C
HiSpeedScan@F1322                              dataBANK1    00A0
HiSpeedScan@F1325                              dataBANK3    01D8
HiSpeedScan@UserNo                             cstackBANK0  0059
HiSpeedScan@confirmationCode                   cstackBANK0  0068
HiSpeedScan@contentData                        cstackBANK0  005E
HiSpeedScan@dataOut                            cstackBANK0  0063
KeyScan@keyNo                                  cstackBANK0  0025
LcdDelay@d                                     cstackBANK0  0020
LcdPrint@colNo                                 cstackBANK0  002E
LcdPrint@rowNo                                 cstackBANK0  002D
LcdPrint@s                                     cstackBANK0  002B
LoadFingerTemplate@F1309                       dataBANK1    00BE
LoadFingerTemplate@F1312                       dataBANK1    00B1
MatchTemplate@F1314                            dataBANK1    00BF
MatchTemplate@F1317                            bssBANK1     00D1
PutKey@key                                     cstackBANK0  0023
PutUartByte@val                                cstackCOMMON 0071
ScanForImage@F1298                             bssBANK1     00D2
ScanForImage@F1300                             dataBANK1    00C0
ScanForImage@confirmationCode                  cstackBANK0  005D
ScanForImage@contentData                       cstackBANK0  005B
ScanForImage@dataOut                           cstackBANK0  005C
SendByte@Mode                                  cstackBANK0  0024
SendByte@val                                   cstackBANK0  0022
SendUartByte@val                               cstackBANK0  0020
SendUartValue@size                             cstackBANK0  0025
SendUartValue@value                            cstackBANK0  0021
ToggleEndianFormat@result                      cstackBANK0  0035
ToggleEndianFormat@size                        cstackBANK0  0024
ToggleEndianFormat@val                         cstackBANK0  0020
TotDigits@result                               cstackBANK0  0033
TotDigits@val                                  cstackBANK0  002E
UploadLcdBuffer@i                              cstackBANK0  0029
UploadLcdBuffer@j                              cstackBANK0  002A
VerifyPswd@F1294                               dataCOMMON   007B
VerifyPswd@confirmationCode                    cstackBANK0  005D
VerifyPswd@dataOut                             cstackBANK0  005C
_AddNewUser                                    text4242     0991
_AddNewUserAfterAdminConfirm                   text4237     0E84
_AddUserA                                      text4246     12A6
_AddUserB                                      text4245     12E4
_AddUserC                                      text4244     1655
_AlterAdminUser                                text4238     0D0D
_CARRY                                         (abs)        0018
_ClearUartBuffer                               text4276     108E
_ControlAccess                                 text4239     0AD6
_DecToStr                                      text4257     088F
_DefModuleAddress                              dataBANK1    00AD
_DefModulePassword                             bssBANK1     00D3
_Delay                                         text4268     153F
_DeleteUser                                    text4251     15F6
_DeleteUserAfterAdminConfirm                   text4236     0015
_EEADR                                         (abs)        010D
_EECON1                                        (abs)        018C
_EECON2                                        (abs)        018D
_EEDATA                                        (abs)        010C
_EEPGD                                         (abs)        0C67
_EraseAllUsers                                 text4252     1268
_EraseAllUsersAfterAdminConfirm                text4240     042A
_FillUpResponse                                text4262     022F
_GIE                                           (abs)        005F
_GenCharacterFileFromImage                     text4248     1402
_GetKey                                        text4279     1019
_GetUartByte                                   text4274     0802
_HiSpeedScan                                   text4247     081B
_HiSpeedScan0                                  text4243     14EC
_IsKeyPending                                  text4280     1F98
_IsUartBytePending                             text4275     1F9F
_IxPtr                                         bssCOMMON    0076
_KeyScan                                       text4256     0910
_KeypdBuffer                                   bssBANK3     0190
_LcdBuffer                                     bssBANK3     01A4
_LcdClear                                      text4259     1032
_LcdDelay                                      text4284     1FD6
_LcdInit                                       text4254     1165
_LcdPrint                                      text4253     1723
_OxPtr                                         bssCOMMON    0077
_PEIE                                          (abs)        005E
_PORTD                                         (abs)        0008
_PackageHeader                                 dataBANK1    00B4
_PutKey                                        text4264     10F4
_PutUartByte                                   text4286     1FEA
_RB1                                           (abs)        0031
_RB2                                           (abs)        0032
_RB3                                           (abs)        0033
_RB5                                           (abs)        0035
_RC0                                           (abs)        0038
_RC1                                           (abs)        0039
_RC2                                           (abs)        003A
_RC3                                           (abs)        003B
_RCIE                                          (abs)        0465
_RCIF                                          (abs)        0065
_RCREG                                         (abs)        001A
_RCSTA                                         (abs)        0018
_RD                                            (abs)        0C60
_RD6                                           (abs)        0046
_SPBRG                                         (abs)        0099
_ScanForImage                                  text4249     136B
_SendByte                                      text4269     11FC
_SendUartByte                                  text4277     1FA6
_SendUartValue                                 text4263     144E
_TRISB                                         (abs)        0086
_TRISC                                         (abs)        0087
_TRISD                                         (abs)        0088
_TXIF                                          (abs)        0064
_TXREG                                         (abs)        0019
_TXSTA                                         (abs)        0098
_ToggleEndianFormat                            text4273     0A27
_TotDigits                                     text4260     1194
_UartBuffer                                    bssBANK2     0110
_UartInit                                      text4278     1FB3
_UartIxPtr                                     bssCOMMON    0078
_UartOxPtr                                     bssCOMMON    0079
_UploadLcdBuffer                               text4258     16B8
_VerifyPswd                                    text4250     11C8
_WR                                            (abs)        0C61
_WREN                                          (abs)        0C62
_WRERR                                         (abs)        0C63
__Habs1                                        abs1         0000
__Hbank0                                       bank0        0000
__Hbank1                                       bank1        0000
__Hbank2                                       bank2        0000
__Hbank3                                       bank3        0000
__HbssBANK1                                    bssBANK1     0000
__HbssBANK2                                    bssBANK2     0000
__HbssBANK3                                    bssBANK3     0000
__HbssCOMMON                                   bssCOMMON    0000
__Hcinit                                       cinit        0000
__Hclrtext                                     clrtext      0000
__Hcode                                        code         0000
__Hcommon                                      common       0000
__Hconfig                                      config       2008
__HcstackBANK0                                 cstackBANK0  0000
__HcstackBANK1                                 cstackBANK1  0000
__HcstackBANK3                                 cstackBANK3  0000
__HcstackCOMMON                                cstackCOMMON 0000
__HdataBANK1                                   dataBANK1    0000
__HdataBANK3                                   dataBANK3    0000
__HdataCOMMON                                  dataCOMMON   0000
__Heeprom_data                                 eeprom_data  0000
__Hend_init                                    end_init     0015
__Hfunctab                                     functab      0000
__HidataBANK1                                  idataBANK1   0000
__HidataBANK3                                  idataBANK3   0000
__HidataCOMMON                                 idataCOMMON  0000
__Hidloc                                       idloc        0000
__Hinit                                        init         0012
__Hinittext                                    inittext     0000
__Hintentry                                    intentry     0012
__Hmaintext                                    maintext     0000
__Hpowerup                                     powerup      0000
__Hram                                         ram          0000
__Hreset_vec                                   reset_vec    0003
__Hsfr0                                        sfr0         0000
__Hsfr1                                        sfr1         0000
__Hsfr2                                        sfr2         0000
__Hsfr3                                        sfr3         0000
__Hstrings                                     strings      0000
__Hstringtext                                  stringtext   0000
__Htext                                        text         0000
__Labs1                                        abs1         0000
__Lbank0                                       bank0        0000
__Lbank1                                       bank1        0000
__Lbank2                                       bank2        0000
__Lbank3                                       bank3        0000
__LbssBANK1                                    bssBANK1     0000
__LbssBANK2                                    bssBANK2     0000
__LbssBANK3                                    bssBANK3     0000
__LbssCOMMON                                   bssCOMMON    0000
__Lcinit                                       cinit        0000
__Lclrtext                                     clrtext      0000
__Lcode                                        code         0000
__Lcommon                                      common       0000
__Lconfig                                      config       2007
__LcstackBANK0                                 cstackBANK0  0000
__LcstackBANK1                                 cstackBANK1  0000
__LcstackBANK3                                 cstackBANK3  0000
__LcstackCOMMON                                cstackCOMMON 0000
__LdataBANK1                                   dataBANK1    0000
__LdataBANK3                                   dataBANK3    0000
__LdataCOMMON                                  dataCOMMON   0000
__Leeprom_data                                 eeprom_data  0000
__Lend_init                                    end_init     0012
__Lfunctab                                     functab      0000
__LidataBANK1                                  idataBANK1   0000
__LidataBANK3                                  idataBANK3   0000
__LidataCOMMON                                 idataCOMMON  0000
__Lidloc                                       idloc        0000
__Linit                                        init         0012
__Linittext                                    inittext     0000
__Lintentry                                    intentry     0004
__Lmaintext                                    maintext     0000
__Lpowerup                                     powerup      0000
__Lram                                         ram          0000
__Lreset_vec                                   reset_vec    0000
__Lsfr0                                        sfr0         0000
__Lsfr1                                        sfr1         0000
__Lsfr2                                        sfr2         0000
__Lsfr3                                        sfr3         0000
__Lstrings                                     strings      0000
__Lstringtext                                  stringtext   0000
__Ltext                                        text         0000
__Package                                      bssBANK1     00C1
__S0                                           (abs)        2008
__S1                                           (abs)        01DD
__S2                                           (abs)        0000
___lldiv                                       text4270     1790
___lldiv@counter                               cstackBANK0  0029
___lldiv@dividend                              cstackBANK0  0024
___lldiv@divisor                               cstackBANK0  0020
___lldiv@quotient                              cstackBANK0  002A
___llmod                                       text4271     1598
___llmod@counter                               cstackBANK0  0029
___llmod@dividend                              cstackBANK0  0024
___llmod@divisor                               cstackBANK0  0020
___lmul                                        text4272     13B6
___lmul@multiplicand                           cstackBANK0  0024
___lmul@multiplier                             cstackBANK0  0020
___lmul@product                                cstackBANK0  0029
__end_of_AddNewUser                            text4242     0A27
__end_of_AddNewUserAfterAdminConfirm           text4237     1000
__end_of_AddUserA                              text4246     12E4
__end_of_AddUserB                              text4245     1322
__end_of_AddUserC                              text4244     16B8
__end_of_AlterAdminUser                        text4238     0E84
__end_of_ClearUartBuffer                       text4276     10AF
__end_of_ControlAccess                         text4239     0BB4
__end_of_DecToStr                              text4257     0910
__end_of_Delay                                 text4268     1598
__end_of_DeleteUser                            text4251     1655
__end_of_DeleteUserAfterAdminConfirm           text4236     022F
__end_of_EraseAllUsers                         text4252     12A6
__end_of_EraseAllUsersAfterAdminConfirm        text4240     04F5
__end_of_FillUpResponse                        text4262     042A
__end_of_GenCharacterFileFromImage             text4248     144E
__end_of_GetKey                                text4279     1032
__end_of_GetUartByte                           text4274     081B
__end_of_HiSpeedScan                           text4247     088F
__end_of_HiSpeedScan0                          text4243     153F
__end_of_IsKeyPending                          text4280     1F9F
__end_of_IsUartBytePending                     text4275     1FA6
__end_of_KeyScan                               text4256     0991
__end_of_LcdClear                              text4259     104E
__end_of_LcdDelay                              text4284     1FEA
__end_of_LcdInit                               text4254     1194
__end_of_LcdPrint                              text4253     1790
__end_of_PutKey                                text4264     1118
__end_of_PutUartByte                           text4286     2000
__end_of_ScanForImage                          text4249     13B6
__end_of_SendByte                              text4269     1231
__end_of_SendUartByte                          text4277     1FB3
__end_of_SendUartValue                         text4263     149C
__end_of_ToggleEndianFormat                    text4273     0AD6
__end_of_TotDigits                             text4260     11C8
__end_of_UartInit                              text4278     1FC3
__end_of_UploadLcdBuffer                       text4258     1723
__end_of_VerifyPswd                            text4250     11FC
__end_of___lldiv                               text4270     1800
__end_of___llmod                               text4271     15F6
__end_of___lmul                                text4272     1402
__end_of_ee_eraseNPos                          text4267     106D
__end_of_ee_read                               text4282     108E
__end_of_ee_write                              text4281     0800
__end_of_getNextAvailLocation                  text4266     1268
__end_of_isr                                   text4285     1019
__end_of_main                                  maintext     07D8
__end_of_memset1                               text4283     10F4
__end_of_menu                                  text4241     14EC
__end_of_releaseEElocation                     text4265     1165
__end_of_reserveEElocation                     text4261     113E
__end_of_sendPackage                           text4255     0D0D
__pbssBANK1                                    bssBANK1     00C1
__pbssBANK2                                    bssBANK2     0110
__pbssBANK3                                    bssBANK3     0190
__pbssCOMMON                                   bssCOMMON    0076
__pcstackBANK0                                 cstackBANK0  0020
__pcstackBANK1                                 cstackBANK1  00D7
__pcstackBANK3                                 cstackBANK3  01C4
__pcstackCOMMON                                cstackCOMMON 0070
__pdataBANK1                                   dataBANK1    00A0
__pdataBANK3                                   dataBANK3    01D8
__pdataCOMMON                                  dataCOMMON   007A
__pidataBANK1                                  idataBANK1   10AF
__pidataBANK3                                  idataBANK3   1F93
__pidataCOMMON                                 idataCOMMON  04FD
__pintentry                                    intentry     0004
__pmaintext                                    maintext     06DD
__pstrings                                     strings      1800
__pstringtext                                  stringtext   0500
__ptext4236                                    text4236     0015
__ptext4237                                    text4237     0E84
__ptext4238                                    text4238     0D0D
__ptext4239                                    text4239     0AD6
__ptext4240                                    text4240     042A
__ptext4241                                    text4241     149C
__ptext4242                                    text4242     0991
__ptext4243                                    text4243     14EC
__ptext4244                                    text4244     1655
__ptext4245                                    text4245     12E4
__ptext4246                                    text4246     12A6
__ptext4247                                    text4247     081B
__ptext4248                                    text4248     1402
__ptext4249                                    text4249     136B
__ptext4250                                    text4250     11C8
__ptext4251                                    text4251     15F6
__ptext4252                                    text4252     1268
__ptext4253                                    text4253     1723
__ptext4254                                    text4254     1165
__ptext4255                                    text4255     0BB4
__ptext4256                                    text4256     0910
__ptext4257                                    text4257     088F
__ptext4258                                    text4258     16B8
__ptext4259                                    text4259     1032
__ptext4260                                    text4260     1194
__ptext4261                                    text4261     1118
__ptext4262                                    text4262     022F
__ptext4263                                    text4263     144E
__ptext4264                                    text4264     10F4
__ptext4265                                    text4265     113E
__ptext4266                                    text4266     1231
__ptext4267                                    text4267     104E
__ptext4268                                    text4268     153F
__ptext4269                                    text4269     11FC
__ptext4270                                    text4270     1790
__ptext4271                                    text4271     1598
__ptext4272                                    text4272     13B6
__ptext4273                                    text4273     0A27
__ptext4274                                    text4274     0802
__ptext4275                                    text4275     1F9F
__ptext4276                                    text4276     108E
__ptext4277                                    text4277     1FA6
__ptext4278                                    text4278     1FB3
__ptext4279                                    text4279     1019
__ptext4280                                    text4280     1F98
__ptext4281                                    text4281     07D8
__ptext4282                                    text4282     106D
__ptext4283                                    text4283     10D0
__ptext4284                                    text4284     1FD6
__ptext4285                                    text4285     1000
__ptext4286                                    text4286     1FEA
__ptext4287                                    text4287     0000
__size_of_AddNewUser                           (abs)        0000
__size_of_AddNewUserAfterAdminConfirm          (abs)        0000
__size_of_AddUserA                             (abs)        0000
__size_of_AddUserB                             (abs)        0000
__size_of_AddUserC                             (abs)        0000
__size_of_AlterAdminUser                       (abs)        0000
__size_of_ClearUartBuffer                      (abs)        0000
__size_of_ControlAccess                        (abs)        0000
__size_of_DecToStr                             (abs)        0000
__size_of_Delay                                (abs)        0000
__size_of_DeleteUser                           (abs)        0000
__size_of_DeleteUserAfterAdminConfirm          (abs)        0000
__size_of_EraseAllUsers                        (abs)        0000
__size_of_EraseAllUsersAfterAdminConfirm       (abs)        0000
__size_of_FillUpResponse                       (abs)        0000
__size_of_GenCharacterFileFromImage            (abs)        0000
__size_of_GetKey                               (abs)        0000
__size_of_GetUartByte                          (abs)        0000
__size_of_HiSpeedScan                          (abs)        0000
__size_of_HiSpeedScan0                         (abs)        0000
__size_of_IsKeyPending                         (abs)        0000
__size_of_IsUartBytePending                    (abs)        0000
__size_of_KeyScan                              (abs)        0000
__size_of_LcdClear                             (abs)        0000
__size_of_LcdDelay                             (abs)        0000
__size_of_LcdInit                              (abs)        0000
__size_of_LcdPrint                             (abs)        0000
__size_of_PutKey                               (abs)        0000
__size_of_PutUartByte                          (abs)        0000
__size_of_ScanForImage                         (abs)        0000
__size_of_SendByte                             (abs)        0000
__size_of_SendUartByte                         (abs)        0000
__size_of_SendUartValue                        (abs)        0000
__size_of_ToggleEndianFormat                   (abs)        0000
__size_of_TotDigits                            (abs)        0000
__size_of_UartInit                             (abs)        0000
__size_of_UploadLcdBuffer                      (abs)        0000
__size_of_VerifyPswd                           (abs)        0000
__size_of___lldiv                              (abs)        0000
__size_of___llmod                              (abs)        0000
__size_of___lmul                               (abs)        0000
__size_of_ee_eraseNPos                         (abs)        0000
__size_of_ee_read                              (abs)        0000
__size_of_ee_write                             (abs)        0000
__size_of_getNextAvailLocation                 (abs)        0000
__size_of_isr                                  (abs)        0000
__size_of_main                                 (abs)        0000
__size_of_memset1                              (abs)        0000
__size_of_menu                                 (abs)        0000
__size_of_releaseEElocation                    (abs)        0000
__size_of_reserveEElocation                    (abs)        0000
__size_of_sendPackage                          (abs)        0000
_buzzOffCounter                                bssBANK1     00CE
_ee_eraseNPos                                  text4267     104E
_ee_read                                       text4282     106D
_ee_write                                      text4281     07D8
_exit                                          init         0012
_getNextAvailLocation                          text4266     1231
_isr                                           text4285     1000
_main                                          maintext     06DD
_memset1                                       text4283     10D0
_menu                                          text4241     149C
_releaseEElocation                             text4265     113E
_reserveEElocation                             text4261     1118
_sendPackage                                   text4255     0BB4
btemp                                          (abs)        007E
clear_ram                                      clrtext      04F5
ee_eraseNPos@i                                 cstackBANK0  0027
ee_eraseNPos@n                                 cstackBANK0  0026
ee_read@a                                      cstackBANK0  0021
ee_read@d                                      cstackBANK0  0022
ee_write@a                                     cstackBANK0  0024
ee_write@d                                     cstackBANK0  0023
end_of_initialization                          cinit        1367
getNextAvailLocation@i                         cstackBANK0  0025
getNextAvailLocation@result                    cstackBANK0  0024
init_fetch                                     inittext     1FC3
init_ram                                       inittext     1FC7
interrupt_function                             intentry     0004
intlevel0                                      functab      0000
intlevel1                                      functab      0000
intlevel2                                      functab      0000
intlevel3                                      functab      0000
intlevel4                                      functab      0000
intlevel5                                      functab      0000
main@menuResponse                              cstackBANK0  006F
memset1@data                                   cstackBANK0  0022
memset1@len                                    cstackBANK0  0023
memset1@str                                    cstackBANK0  0020
menu@keyHit                                    cstackBANK0  0036
menu@s                                         cstackBANK0  0033
releaseEElocation@loc                          cstackBANK0  0026
reserveEElocation@loc                          cstackBANK0  0026
reset_vec                                      reset_vec    0000
saved_w                                        (abs)        007E
sendPackage@content                            cstackBANK0  002D
sendPackage@i                                  cstackBANK0  0037
sendPackage@identifier                         cstackBANK0  0036
sendPackage@instruction                        cstackBANK0  002C
sendPackage@length                             cstackBANK0  002B
start                                          init         0012
start_initialization                           cinit        1322
wtemp0                                         (abs)        007E
